../Core/Src/main.c:66:6:CAN_TX	56	static
../Core/Src/main.c:96:6:CAN_RX_Filter_init	56	static
../Core/Src/main.c:120:6:CAN_RX	56	static
../Core/Src/main.c:138:6:HAL_CAN_TxMailbox0CompleteCallback	16	static
../Core/Src/main.c:142:6:HAL_CAN_RxFifo0MsgPendingCallback	16	static
../Core/Src/main.c:148:6:HAL_CAN_ErrorCallback	16	static
../Core/Src/main.c:161:5:main	8	static
../Core/Src/main.c:228:6:SystemClock_Config	72	static
../Core/Src/main.c:265:13:MX_CAN_Init	8	static
../Core/Src/main.c:302:13:MX_GPIO_Init	16	static
../Core/Src/main.c:322:6:Error_Handler	4	static,ignoring_inline_asm
